::1 - - [30/Mar/2021:13:45:14 +0000] "OPTIONS * HTTP/1.0" 200 126 "-" "Apache/2.4.41 (Ubuntu) (internal dummy connection)"
192.168.0.234 - - [30/Mar/2021:13:45:15 +0000] "GET /blog/ HTTP/1.1" 200 4024 "-" "Mozilla/5.0 (X11; Ubuntu; Linux x86_64; rv:87.0) Gecko/20100101 Firefox/87.0"
192.168.0.234 - - [30/Mar/2021:13:45:15 +0000] "GET /blog/wp-includes/js/wp-embed.min.js?ver=5.3.2 HTTP/1.1" 200 1089 "http://192.168.0.180/blog/" "Mozilla/5.0 (X11; Ubuntu; Linux x86_64; rv:87.0) Gecko/20100101 Firefox/87.0"
192.168.0.234 - - [30/Mar/2021:13:45:15 +0000] "GET /blog/wp-includes/js/wp-emoji-release.min.js?ver=5.3.2 HTTP/1.1" 200 4977 "http://192.168.0.180/blog/" "Mozilla/5.0 (X11; Ubuntu; Linux x86_64; rv:87.0) Gecko/20100101 Firefox/87.0"
::1 - - [30/Mar/2021:13:45:15 +0000] "OPTIONS * HTTP/1.0" 200 126 "-" "Apache/2.4.41 (Ubuntu) (internal dummy connection)"
192.168.0.234 - - [30/Mar/2021:13:45:16 +0000] "GET /blog/ HTTP/1.1" 200 4023 "-" "Mozilla/5.0 (X11; Ubuntu; Linux x86_64; rv:87.0) Gecko/20100101 Firefox/87.0"
192.168.0.234 - - [30/Mar/2021:13:45:16 +0000] "GET /blog/wp-includes/js/wp-embed.min.js?ver=5.3.2 HTTP/1.1" 200 1090 "http://192.168.0.180/blog/" "Mozilla/5.0 (X11; Ubuntu; Linux x86_64; rv:87.0) Gecko/20100101 Firefox/87.0"
192.168.0.234 - - [30/Mar/2021:13:45:16 +0000] "GET /blog/wp-includes/js/wp-emoji-release.min.js?ver=5.3.2 HTTP/1.1" 200 4977 "http://192.168.0.180/blog/" "Mozilla/5.0 (X11; Ubuntu; Linux x86_64; rv:87.0) Gecko/20100101 Firefox/87.0"
::1 - - [30/Mar/2021:13:45:16 +0000] "OPTIONS * HTTP/1.0" 200 126 "-" "Apache/2.4.41 (Ubuntu) (internal dummy connection)"
192.168.0.234 - - [30/Mar/2021:13:45:16 +0000] "GET /blog/ HTTP/1.1" 200 4023 "-" "Mozilla/5.0 (X11; Ubuntu; Linux x86_64; rv:87.0) Gecko/20100101 Firefox/87.0"
192.168.0.234 - - [30/Mar/2021:13:45:16 +0000] "GET /blog/wp-includes/js/wp-embed.min.js?ver=5.3.2 HTTP/1.1" 200 1089 "http://192.168.0.180/blog/" "Mozilla/5.0 (X11; Ubuntu; Linux x86_64; rv:87.0) Gecko/20100101 Firefox/87.0"
192.168.0.234 - - [30/Mar/2021:13:45:16 +0000] "GET /blog/wp-includes/js/wp-emoji-release.min.js?ver=5.3.2 HTTP/1.1" 200 4977 "http://192.168.0.180/blog/" "Mozilla/5.0 (X11; Ubuntu; Linux x86_64; rv:87.0) Gecko/20100101 Firefox/87.0"
192.168.0.234 - - [30/Mar/2021:13:45:16 +0000] "GET /blog/ HTTP/1.1" 200 4023 "-" "Mozilla/5.0 (X11; Ubuntu; Linux x86_64; rv:87.0) Gecko/20100101 Firefox/87.0"
192.168.0.234 - - [30/Mar/2021:13:45:17 +0000] "GET /blog/wp-includes/js/wp-embed.min.js?ver=5.3.2 HTTP/1.1" 200 1089 "http://192.168.0.180/blog/" "Mozilla/5.0 (X11; Ubuntu; Linux x86_64; rv:87.0) Gecko/20100101 Firefox/87.0"
192.168.0.234 - - [30/Mar/2021:13:45:17 +0000] "GET /blog/wp-includes/js/wp-emoji-release.min.js?ver=5.3.2 HTTP/1.1" 200 4977 "http://192.168.0.180/blog/" "Mozilla/5.0 (X11; Ubuntu; Linux x86_64; rv:87.0) Gecko/20100101 Firefox/87.0"
::1 - - [30/Mar/2021:13:45:17 +0000] "OPTIONS * HTTP/1.0" 200 126 "-" "Apache/2.4.41 (Ubuntu) (internal dummy connection)"
192.168.0.234 - - [30/Mar/2021:13:45:18 +0000] "GET /blog/ HTTP/1.1" 200 4024 "-" "Mozilla/5.0 (X11; Ubuntu; Linux x86_64; rv:87.0) Gecko/20100101 Firefox/87.0"
192.168.0.234 - - [30/Mar/2021:13:45:18 +0000] "GET /blog/wp-includes/js/wp-emoji-release.min.js?ver=5.3.2 HTTP/1.1" 200 4977 "http://192.168.0.180/blog/" "Mozilla/5.0 (X11; Ubuntu; Linux x86_64; rv:87.0) Gecko/20100101 Firefox/87.0"
192.168.0.234 - - [30/Mar/2021:13:45:18 +0000] "GET /blog/wp-includes/css/dist/block-library/theme.min.css?ver=5.3.2 HTTP/1.1" 200 975 "http://192.168.0.180/blog/" "Mozilla/5.0 (X11; Ubuntu; Linux x86_64; rv:87.0) Gecko/20100101 Firefox/87.0"
192.168.0.234 - - [30/Mar/2021:13:45:18 +0000] "GET /blog/wp-includes/js/wp-embed.min.js?ver=5.3.2 HTTP/1.1" 200 1090 "http://192.168.0.180/blog/" "Mozilla/5.0 (X11; Ubuntu; Linux x86_64; rv:87.0) Gecko/20100101 Firefox/87.0"
192.168.0.234 - - [30/Mar/2021:13:45:18 +0000] "GET /blog/wp-content/themes/twentynineteen/style.css?ver=1.4 HTTP/1.1" 200 30819 "http://192.168.0.180/blog/" "Mozilla/5.0 (X11; Ubuntu; Linux x86_64; rv:87.0) Gecko/20100101 Firefox/87.0"
192.168.0.234 - - [30/Mar/2021:13:45:18 +0000] "GET /blog/wp-includes/css/dist/block-library/style.min.css?ver=5.3.2 HTTP/1.1" 200 6500 "http://192.168.0.180/blog/" "Mozilla/5.0 (X11; Ubuntu; Linux x86_64; rv:87.0) Gecko/20100101 Firefox/87.0"
192.168.0.234 - - [30/Mar/2021:13:45:18 +0000] "GET /blog/wp-content/themes/twentynineteen/print.css?ver=1.4 HTTP/1.1" 200 1545 "http://192.168.0.180/blog/" "Mozilla/5.0 (X11; Ubuntu; Linux x86_64; rv:87.0) Gecko/20100101 Firefox/87.0"
192.168.0.234 - - [30/Mar/2021:13:45:18 +0000] "GET /favicon.ico HTTP/1.1" 404 491 "http://192.168.0.180/blog/" "Mozilla/5.0 (X11; Ubuntu; Linux x86_64; rv:87.0) Gecko/20100101 Firefox/87.0"
::1 - - [30/Mar/2021:13:45:18 +0000] "OPTIONS * HTTP/1.0" 200 126 "-" "Apache/2.4.41 (Ubuntu) (internal dummy connection)"
::1 - - [30/Mar/2021:13:45:19 +0000] "OPTIONS * HTTP/1.0" 200 126 "-" "Apache/2.4.41 (Ubuntu) (internal dummy connection)"
::1 - - [30/Mar/2021:13:45:20 +0000] "OPTIONS * HTTP/1.0" 200 126 "-" "Apache/2.4.41 (Ubuntu) (internal dummy connection)"
::1 - - [30/Mar/2021:13:45:21 +0000] "OPTIONS * HTTP/1.0" 200 126 "-" "Apache/2.4.41 (Ubuntu) (internal dummy connection)"
::1 - - [30/Mar/2021:13:45:22 +0000] "OPTIONS * HTTP/1.0" 200 126 "-" "Apache/2.4.41 (Ubuntu) (internal dummy connection)"
::1 - - [30/Mar/2021:13:45:23 +0000] "OPTIONS * HTTP/1.0" 200 126 "-" "Apache/2.4.41 (Ubuntu) (internal dummy connection)"
::1 - - [30/Mar/2021:13:45:24 +0000] "OPTIONS * HTTP/1.0" 200 126 "-" "Apache/2.4.41 (Ubuntu) (internal dummy connection)"
::1 - - [30/Mar/2021:13:45:25 +0000] "OPTIONS * HTTP/1.0" 200 126 "-" "Apache/2.4.41 (Ubuntu) (internal dummy connection)"
::1 - - [30/Mar/2021:13:45:26 +0000] "OPTIONS * HTTP/1.0" 200 126 "-" "Apache/2.4.41 (Ubuntu) (internal dummy connection)"
::1 - - [30/Mar/2021:13:45:27 +0000] "OPTIONS * HTTP/1.0" 200 126 "-" "Apache/2.4.41 (Ubuntu) (internal dummy connection)"
::1 - - [30/Mar/2021:13:45:28 +0000] "OPTIONS * HTTP/1.0" 200 126 "-" "Apache/2.4.41 (Ubuntu) (internal dummy connection)"
::1 - - [30/Mar/2021:13:45:29 +0000] "OPTIONS * HTTP/1.0" 200 126 "-" "Apache/2.4.41 (Ubuntu) (internal dummy connection)"
::1 - - [30/Mar/2021:13:45:30 +0000] "OPTIONS * HTTP/1.0" 200 126 "-" "Apache/2.4.41 (Ubuntu) (internal dummy connection)"
::1 - - [30/Mar/2021:13:45:31 +0000] "OPTIONS * HTTP/1.0" 200 126 "-" "Apache/2.4.41 (Ubuntu) (internal dummy connection)"
::1 - - [30/Mar/2021:13:45:32 +0000] "OPTIONS * HTTP/1.0" 200 126 "-" "Apache/2.4.41 (Ubuntu) (internal dummy connection)"
::1 - - [30/Mar/2021:13:45:33 +0000] "OPTIONS * HTTP/1.0" 200 126 "-" "Apache/2.4.41 (Ubuntu) (internal dummy connection)"
192.168.0.59 - - [30/Mar/2021:13:45:18 +0000] "GET /?778 HTTP/1.1" 408 0 "-" "Mozilla/5.0 (Windows NT 6.1; WOW64; Trident/7.0; rv:11.0) like Gecko"
192.168.0.59 - - [30/Mar/2021:13:45:18 +0000] "GET /?155 HTTP/1.1" 408 0 "-" "Mozilla/5.0 (Windows NT 6.3; rv:36.0) Gecko/20100101 Firefox/36.0"
192.168.0.59 - - [30/Mar/2021:13:45:18 +0000] "GET /?901 HTTP/1.1" 408 0 "-" "Mozilla/5.0 (Windows NT 6.3; rv:36.0) Gecko/20100101 Firefox/36.0"
192.168.0.59 - - [30/Mar/2021:13:45:18 +0000] "GET /?1119 HTTP/1.1" 408 0 "-" "Mozilla/5.0 (Windows NT 6.3; rv:36.0) Gecko/20100101 Firefox/36.0"
192.168.0.59 - - [30/Mar/2021:13:45:18 +0000] "GET /?52 HTTP/1.1" 408 0 "-" "Mozilla/5.0 (Windows NT 6.1; WOW64; rv:49.0) Gecko/20100101 Firefox/49.0"
192.168.0.59 - - [30/Mar/2021:13:45:18 +0000] "GET /?1175 HTTP/1.1" 408 0 "-" "Mozilla/5.0 (Windows NT 10.0; WOW64; rv:49.0) Gecko/20100101 Firefox/49.0"
192.168.0.59 - - [30/Mar/2021:13:45:18 +0000] "GET /?64 HTTP/1.1" 408 0 "-" "Mozilla/5.0 (Macintosh; Intel Mac OS X 10.11; rv:49.0) Gecko/20100101 Firefox/49.0"
192.168.0.59 - - [30/Mar/2021:13:45:18 +0000] "GET /?457 HTTP/1.1" 408 0 "-" "Mozilla/5.0 (Windows NT 6.3; rv:36.0) Gecko/20100101 Firefox/36.0"
192.168.0.59 - - [30/Mar/2021:13:45:18 +0000] "GET /?1582 HTTP/1.1" 408 0 "-" "Mozilla/5.0 (Windows NT 10.0; WOW64; rv:49.0) Gecko/20100101 Firefox/49.0"
192.168.0.59 - - [30/Mar/2021:13:45:18 +0000] "GET /?1618 HTTP/1.1" 408 0 "-" "Mozilla/5.0 (Windows NT 6.1; WOW64; rv:49.0) Gecko/20100101 Firefox/49.0"
192.168.0.59 - - [30/Mar/2021:13:45:18 +0000] "GET /?669 HTTP/1.1" 408 0 "-" "Mozilla/5.0 (Windows NT 6.3; rv:36.0) Gecko/20100101 Firefox/36.0"
192.168.0.59 - - [30/Mar/2021:13:45:18 +0000] "GET /?1472 HTTP/1.1" 408 0 "-" "Mozilla/5.0 (Windows NT 10.0; WOW64; rv:49.0) Gecko/20100101 Firefox/49.0"
192.168.0.59 - - [30/Mar/2021:13:45:18 +0000] "GET /?973 HTTP/1.1" 408 0 "-" "Mozilla/5.0 (Windows NT 6.3; rv:36.0) Gecko/20100101 Firefox/36.0"
192.168.0.59 - - [30/Mar/2021:13:45:18 +0000] "GET /?1638 HTTP/1.1" 408 0 "-" "Mozilla/5.0 (Macintosh; Intel Mac OS X 10.11; rv:49.0) Gecko/20100101 Firefox/49.0"
192.168.0.59 - - [30/Mar/2021:13:45:18 +0000] "GET /?1586 HTTP/1.1" 408 0 "-" "Mozilla/5.0 (Windows NT 10.0; WOW64; rv:49.0) Gecko/20100101 Firefox/49.0"
192.168.0.59 - - [30/Mar/2021:13:45:18 +0000] "GET /?1749 HTTP/1.1" 408 0 "-" "Mozilla/5.0 (Windows NT 6.1; WOW64; rv:49.0) Gecko/20100101 Firefox/49.0"
192.168.0.59 - - [30/Mar/2021:13:45:18 +0000] "GET /?441 HTTP/1.1" 408 0 "-" "Mozilla/5.0 (X11; Ubuntu; Linux x86_64; rv:49.0) Gecko/20100101 Firefox/49.0"
192.168.0.59 - - [30/Mar/2021:13:45:18 +0000] "GET /?1964 HTTP/1.1" 408 0 "-" "Mozilla/5.0 (X11; Ubuntu; Linux x86_64; rv:49.0) Gecko/20100101 Firefox/49.0"
192.168.0.59 - - [30/Mar/2021:13:45:18 +0000] "GET /?226 HTTP/1.1" 408 0 "-" "Mozilla/5.0 (Macintosh; Intel Mac OS X 10.11; rv:49.0) Gecko/20100101 Firefox/49.0"
192.168.0.59 - - [30/Mar/2021:13:45:18 +0000] "GET /?1835 HTTP/1.1" 408 0 "-" "Mozilla/5.0 (Macintosh; Intel Mac OS X 10.11; rv:49.0) Gecko/20100101 Firefox/49.0"
192.168.0.59 - - [30/Mar/2021:13:45:18 +0000] "GET /?1883 HTTP/1.1" 408 0 "-" "Mozilla/5.0 (Macintosh; Intel Mac OS X 10.11; rv:49.0) Gecko/20100101 Firefox/49.0"
192.168.0.59 - - [30/Mar/2021:13:45:18 +0000] "GET /?357 HTTP/1.1" 408 0 "-" "Mozilla/5.0 (Macintosh; Intel Mac OS X 10.11; rv:49.0) Gecko/20100101 Firefox/49.0"
192.168.0.59 - - [30/Mar/2021:13:45:18 +0000] "GET /?986 HTTP/1.1" 408 0 "-" "Mozilla/5.0 (Windows NT 6.1; WOW64; Trident/7.0; rv:11.0) like Gecko"
192.168.0.59 - - [30/Mar/2021:13:45:18 +0000] "GET /?277 HTTP/1.1" 408 0 "-" "Mozilla/5.0 (Windows NT 10.0; WOW64; rv:49.0) Gecko/20100101 Firefox/49.0"
192.168.0.59 - - [30/Mar/2021:13:45:18 +0000] "GET /?243 HTTP/1.1" 408 0 "-" "Mozilla/5.0 (Macintosh; Intel Mac OS X 10.11; rv:49.0) Gecko/20100101 Firefox/49.0"
192.168.0.59 - - [30/Mar/2021:13:45:18 +0000] "GET /?310 HTTP/1.1" 408 0 "-" "Mozilla/5.0 (Macintosh; Intel Mac OS X 10.11; rv:49.0) Gecko/20100101 Firefox/49.0"
192.168.0.59 - - [30/Mar/2021:13:45:18 +0000] "GET /?879 HTTP/1.1" 408 0 "-" "Mozilla/5.0 (Windows NT 6.1; WOW64; rv:49.0) Gecko/20100101 Firefox/49.0"
192.168.0.59 - - [30/Mar/2021:13:45:18 +0000] "GET /?977 HTTP/1.1" 408 0 "-" "Mozilla/5.0 (Windows NT 10.0; WOW64; rv:49.0) Gecko/20100101 Firefox/49.0"
192.168.0.59 - - [30/Mar/2021:13:45:18 +0000] "GET /?196 HTTP/1.1" 408 0 "-" "Mozilla/5.0 (Windows NT 10.0; WOW64; rv:49.0) Gecko/20100101 Firefox/49.0"
192.168.0.59 - - [30/Mar/2021:13:45:18 +0000] "GET /?276 HTTP/1.1" 408 0 "-" "Mozilla/5.0 (X11; Linux x86_64) AppleWebKit/537.36 (KHTML, like Gecko) Chrome/53.0.2785.143 Safari/537.36"
192.168.0.59 - - [30/Mar/2021:13:45:18 +0000] "GET /?534 HTTP/1.1" 408 0 "-" "Mozilla/5.0 (Windows NT 10.0; WOW64) AppleWebKit/537.36 (KHTML, like Gecko) Chrome/54.0.2840.71 Safari/537.36"
192.168.0.59 - - [30/Mar/2021:13:45:18 +0000] "GET /?1298 HTTP/1.1" 408 0 "-" "Mozilla/5.0 (Macintosh; Intel Mac OS X 10.11; rv:49.0) Gecko/20100101 Firefox/49.0"
192.168.0.59 - - [30/Mar/2021:13:45:18 +0000] "GET /?863 HTTP/1.1" 408 0 "-" "Mozilla/5.0 (Windows NT 6.1; WOW64) AppleWebKit/537.36 (KHTML, like Gecko) Chrome/53.0.2785.143 Safari/537.36"
192.168.0.59 - - [30/Mar/2021:13:45:18 +0000] "GET /?653 HTTP/1.1" 408 0 "-" "Mozilla/5.0 (Macintosh; Intel Mac OS X 10_12) AppleWebKit/602.1.50 (KHTML, like Gecko) Version/10.0 Safari/602.1.50"
192.168.0.59 - - [30/Mar/2021:13:45:18 +0000] "GET /?493 HTTP/1.1" 408 0 "-" "Mozilla/5.0 (Windows NT 6.1; Win64; x64) AppleWebKit/537.36 (KHTML, like Gecko) Chrome/54.0.2840.71 Safari/537.36"
192.168.0.59 - - [30/Mar/2021:13:45:18 +0000] "GET /?874 HTTP/1.1" 408 0 "-" "Mozilla/5.0 (Windows NT 6.3; WOW64) AppleWebKit/537.36 (KHTML, like Gecko) Chrome/53.0.2785.143 Safari/537.36"
192.168.0.59 - - [30/Mar/2021:13:45:18 +0000] "GET /?546 HTTP/1.1" 408 0 "-" "Mozilla/5.0 (Windows NT 6.1; Win64; x64) AppleWebKit/537.36 (KHTML, like Gecko) Chrome/54.0.2840.71 Safari/537.36"
192.168.0.59 - - [30/Mar/2021:13:45:18 +0000] "GET /?570 HTTP/1.1" 408 0 "-" "Mozilla/5.0 (Macintosh; Intel Mac OS X 10_11_6) AppleWebKit/602.1.50 (KHTML, like Gecko) Version/10.0 Safari/602.1.50"
192.168.0.59 - - [30/Mar/2021:13:45:18 +0000] "GET /?477 HTTP/1.1" 408 0 "-" "Mozilla/5.0 (Windows NT 6.1; WOW64) AppleWebKit/537.36 (KHTML, like Gecko) Chrome/54.0.2840.71 Safari/537.36"
192.168.0.59 - - [30/Mar/2021:13:45:18 +0000] "GET /?180 HTTP/1.1" 408 0 "-" "Mozilla/5.0 (Windows NT 10.0; Win64; x64) AppleWebKit/537.36 (KHTML, like Gecko) Chrome/54.0.2840.71 Safari/537.36"
192.168.0.59 - - [30/Mar/2021:13:45:18 +0000] "GET /?138 HTTP/1.1" 408 0 "-" "Mozilla/5.0 (Macintosh; Intel Mac OS X 10_12) AppleWebKit/602.1.50 (KHTML, like Gecko) Version/10.0 Safari/602.1.50"
192.168.0.59 - - [30/Mar/2021:13:45:18 +0000] "GET /?748 HTTP/1.1" 408 0 "-" "Mozilla/5.0 (Macintosh; Intel Mac OS X 10_11_6) AppleWebKit/537.36 (KHTML, like Gecko) Chrome/54.0.2840.71 Safari/537.36"
192.168.0.59 - - [30/Mar/2021:13:45:18 +0000] "GET /?150 HTTP/1.1" 408 0 "-" "Mozilla/5.0 (Macintosh; Intel Mac OS X 10_11_6) AppleWebKit/537.36 (KHTML, like Gecko) Chrome/54.0.2840.71 Safari/537.36"
192.168.0.59 - - [30/Mar/2021:13:45:18 +0000] "GET /?721 HTTP/1.1" 408 0 "-" "Mozilla/5.0 (Windows NT 10.0; WOW64) AppleWebKit/537.36 (KHTML, like Gecko) Chrome/54.0.2840.71 Safari/537.36"
192.168.0.59 - - [30/Mar/2021:13:45:18 +0000] "GET /?1925 HTTP/1.1" 408 0 "-" "Mozilla/5.0 (Macintosh; Intel Mac OS X 10_12_0) AppleWebKit/537.36 (KHTML, like Gecko) Chrome/53.0.2785.143 Safari/537.36"
192.168.0.59 - - [30/Mar/2021:13:45:18 +0000] "GET /?544 HTTP/1.1" 408 0 "-" "Mozilla/5.0 (Macintosh; Intel Mac OS X 10_12_0) AppleWebKit/537.36 (KHTML, like Gecko) Chrome/53.0.2785.143 Safari/537.36"
192.168.0.59 - - [30/Mar/2021:13:45:18 +0000] "GET /?285 HTTP/1.1" 408 0 "-" "Mozilla/5.0 (Windows NT 6.1; WOW64) AppleWebKit/537.36 (KHTML, like Gecko) Chrome/53.0.2785.143 Safari/537.36"
192.168.0.59 - - [30/Mar/2021:13:45:18 +0000] "GET /?1153 HTTP/1.1" 408 0 "-" "Mozilla/5.0 (Macintosh; Intel Mac OS X 10_12) AppleWebKit/602.1.50 (KHTML, like Gecko) Version/10.0 Safari/602.1.50"
192.168.0.59 - - [30/Mar/2021:13:45:18 +0000] "GET /?1696 HTTP/1.1" 408 0 "-" "Mozilla/5.0 (Macintosh; Intel Mac OS X 10_11_6) AppleWebKit/537.36 (KHTML, like Gecko) Chrome/54.0.2840.71 Safari/537.36"
192.168.0.59 - - [30/Mar/2021:13:45:18 +0000] "GET /?1722 HTTP/1.1" 408 0 "-" "Mozilla/5.0 (Windows NT 10.0; WOW64) AppleWebKit/537.36 (KHTML, like Gecko) Chrome/53.0.2785.143 Safari/537.36"
192.168.0.59 - - [30/Mar/2021:13:45:18 +0000] "GET /?1840 HTTP/1.1" 408 0 "-" "Mozilla/5.0 (Macintosh; Intel Mac OS X 10_12_1) AppleWebKit/602.2.14 (KHTML, like Gecko) Version/10.0.1 Safari/602.2.14"
192.168.0.59 - - [30/Mar/2021:13:45:18 +0000] "GET /?1018 HTTP/1.1" 408 0 "-" "Mozilla/5.0 (Macintosh; Intel Mac OS X 10_12_0) AppleWebKit/537.36 (KHTML, like Gecko) Chrome/53.0.2785.143 Safari/537.36"
192.168.0.59 - - [30/Mar/2021:13:45:18 +0000] "GET /?705 HTTP/1.1" 408 0 "-" "Mozilla/5.0 (Macintosh; Intel Mac OS X 10_11_6) AppleWebKit/537.36 (KHTML, like Gecko) Chrome/53.0.2785.143 Safari/537.36"
192.168.0.59 - - [30/Mar/2021:13:45:18 +0000] "GET /?1131 HTTP/1.1" 408 0 "-" "Mozilla/5.0 (Macintosh; Intel Mac OS X 10_11_6) AppleWebKit/537.36 (KHTML, like Gecko) Chrome/54.0.2840.71 Safari/537.36"
192.168.0.59 - - [30/Mar/2021:13:45:18 +0000] "GET /?336 HTTP/1.1" 408 0 "-" "Mozilla/5.0 (Windows NT 10.0; WOW64) AppleWebKit/537.36 (KHTML, like Gecko) Chrome/53.0.2785.143 Safari/537.36"
192.168.0.59 - - [30/Mar/2021:13:45:18 +0000] "GET /?372 HTTP/1.1" 408 0 "-" "Mozilla/5.0 (Macintosh; Intel Mac OS X 10_11_6) AppleWebKit/602.1.50 (KHTML, like Gecko) Version/10.0 Safari/602.1.50"
192.168.0.59 - - [30/Mar/2021:13:45:18 +0000] "GET /?531 HTTP/1.1" 408 0 "-" "Mozilla/5.0 (Windows NT 6.1; Win64; x64) AppleWebKit/537.36 (KHTML, like Gecko) Chrome/54.0.2840.71 Safari/537.36"
192.168.0.59 - - [30/Mar/2021:13:45:18 +0000] "GET /?1911 HTTP/1.1" 408 0 "-" "Mozilla/5.0 (Macintosh; Intel Mac OS X 10_12_0) AppleWebKit/537.36 (KHTML, like Gecko) Chrome/54.0.2840.71 Safari/537.36"
192.168.0.59 - - [30/Mar/2021:13:45:18 +0000] "GET /?1727 HTTP/1.1" 408 0 "-" "Mozilla/5.0 (Macintosh; Intel Mac OS X 10_11_6) AppleWebKit/537.36 (KHTML, like Gecko) Chrome/53.0.2785.143 Safari/537.36"
192.168.0.59 - - [30/Mar/2021:13:45:18 +0000] "GET /?1270 HTTP/1.1" 408 0 "-" "Mozilla/5.0 (Windows NT 10.0; Win64; x64) AppleWebKit/537.36 (KHTML, like Gecko) Chrome/54.0.2840.71 Safari/537.36"
192.168.0.59 - - [30/Mar/2021:13:45:18 +0000] "GET /?761 HTTP/1.1" 408 0 "-" "Mozilla/5.0 (Macintosh; Intel Mac OS X 10_11_6) AppleWebKit/537.36 (KHTML, like Gecko) Chrome/54.0.2840.71 Safari/537.36"
192.168.0.59 - - [30/Mar/2021:13:45:18 +0000] "GET /?354 HTTP/1.1" 408 0 "-" "Mozilla/5.0 (Windows NT 6.3; WOW64) AppleWebKit/537.36 (KHTML, like Gecko) Chrome/53.0.2785.143 Safari/537.36"
192.168.0.59 - - [30/Mar/2021:13:45:18 +0000] "GET /?497 HTTP/1.1" 408 0 "-" "Mozilla/5.0 (Macintosh; Intel Mac OS X 10_12_0) AppleWebKit/537.36 (KHTML, like Gecko) Chrome/53.0.2785.143 Safari/537.36"
192.168.0.59 - - [30/Mar/2021:13:45:18 +0000] "GET /?1149 HTTP/1.1" 408 0 "-" "Mozilla/5.0 (Macintosh; Intel Mac OS X 10_12_1) AppleWebKit/602.2.14 (KHTML, like Gecko) Version/10.0.1 Safari/602.2.14"
192.168.0.59 - - [30/Mar/2021:13:45:18 +0000] "GET /?183 HTTP/1.1" 408 0 "-" "Mozilla/5.0 (Macintosh; Intel Mac OS X 10_12_0) AppleWebKit/537.36 (KHTML, like Gecko) Chrome/53.0.2785.143 Safari/537.36"
192.168.0.59 - - [30/Mar/2021:13:45:18 +0000] "GET /?1085 HTTP/1.1" 408 0 "-" "Mozilla/5.0 (Macintosh; Intel Mac OS X 10_12_0) AppleWebKit/537.36 (KHTML, like Gecko) Chrome/54.0.2840.71 Safari/537.36"
192.168.0.59 - - [30/Mar/2021:13:45:18 +0000] "GET /?307 HTTP/1.1" 408 0 "-" "Mozilla/5.0 (Macintosh; Intel Mac OS X 10_12_1) AppleWebKit/602.2.14 (KHTML, like Gecko) Version/10.0.1 Safari/602.2.14"
192.168.0.59 - - [30/Mar/2021:13:45:18 +0000] "GET /?1066 HTTP/1.1" 408 0 "-" "Mozilla/5.0 (Windows NT 6.3; WOW64) AppleWebKit/537.36 (KHTML, like Gecko) Chrome/53.0.2785.143 Safari/537.36"
192.168.0.59 - - [30/Mar/2021:13:45:18 +0000] "GET /?252 HTTP/1.1" 408 0 "-" "Mozilla/5.0 (Windows NT 6.3; WOW64) AppleWebKit/537.36 (KHTML, like Gecko) Chrome/53.0.2785.143 Safari/537.36"
192.168.0.59 - - [30/Mar/2021:13:45:18 +0000] "GET /?878 HTTP/1.1" 408 0 "-" "Mozilla/5.0 (Macintosh; Intel Mac OS X 10_11_6) AppleWebKit/537.36 (KHTML, like Gecko) Chrome/54.0.2840.71 Safari/537.36"
192.168.0.59 - - [30/Mar/2021:13:45:18 +0000] "GET /?808 HTTP/1.1" 408 0 "-" "Mozilla/5.0 (Windows NT 6.1; WOW64) AppleWebKit/537.36 (KHTML, like Gecko) Chrome/53.0.2785.143 Safari/537.36"
192.168.0.59 - - [30/Mar/2021:13:45:18 +0000] "GET /?1921 HTTP/1.1" 408 0 "-" "Mozilla/5.0 (Macintosh; Intel Mac OS X 10_12) AppleWebKit/602.1.50 (KHTML, like Gecko) Version/10.0 Safari/602.1.50"
192.168.0.59 - - [30/Mar/2021:13:45:18 +0000] "GET /?736 HTTP/1.1" 408 0 "-" "Mozilla/5.0 (Macintosh; Intel Mac OS X 10_11_6) AppleWebKit/537.36 (KHTML, like Gecko) Chrome/54.0.2840.71 Safari/537.36"
192.168.0.59 - - [30/Mar/2021:13:45:18 +0000] "GET /?1564 HTTP/1.1" 408 0 "-" "Mozilla/5.0 (Windows NT 6.1; Win64; x64) AppleWebKit/537.36 (KHTML, like Gecko) Chrome/53.0.2785.143 Safari/537.36"
192.168.0.59 - - [30/Mar/2021:13:45:18 +0000] "GET /?1971 HTTP/1.1" 408 0 "-" "Mozilla/5.0 (Macintosh; Intel Mac OS X 10_12_0) AppleWebKit/537.36 (KHTML, like Gecko) Chrome/54.0.2840.71 Safari/537.36"
192.168.0.59 - - [30/Mar/2021:13:45:18 +0000] "GET /?1010 HTTP/1.1" 408 0 "-" "Mozilla/5.0 (Macintosh; Intel Mac OS X 10_12_1) AppleWebKit/537.36 (KHTML, like Gecko) Chrome/54.0.2840.71 Safari/537.36"
192.168.0.59 - - [30/Mar/2021:13:45:18 +0000] "GET /?870 HTTP/1.1" 408 0 "-" "Mozilla/5.0 (Windows NT 6.1; Win64; x64) AppleWebKit/537.36 (KHTML, like Gecko) Chrome/54.0.2840.71 Safari/537.36"
192.168.0.59 - - [30/Mar/2021:13:45:18 +0000] "GET /?1517 HTTP/1.1" 408 0 "-" "Mozilla/5.0 (Macintosh; Intel Mac OS X 10_12_0) AppleWebKit/537.36 (KHTML, like Gecko) Chrome/54.0.2840.71 Safari/537.36"
192.168.0.59 - - [30/Mar/2021:13:45:18 +0000] "GET /?252 HTTP/1.1" 408 0 "-" "Mozilla/5.0 (Macintosh; Intel Mac OS X 10_12_0) AppleWebKit/537.36 (KHTML, like Gecko) Chrome/54.0.2840.71 Safari/537.36"
192.168.0.59 - - [30/Mar/2021:13:45:18 +0000] "GET /?1585 HTTP/1.1" 408 0 "-" "Mozilla/5.0 (Windows NT 10.0; WOW64) AppleWebKit/537.36 (KHTML, like Gecko) Chrome/54.0.2840.71 Safari/537.36"
192.168.0.59 - - [30/Mar/2021:13:45:18 +0000] "GET /?1509 HTTP/1.1" 408 0 "-" "Mozilla/5.0 (Windows NT 10.0; WOW64) AppleWebKit/537.36 (KHTML, like Gecko) Chrome/53.0.2785.143 Safari/537.36"
192.168.0.59 - - [30/Mar/2021:13:45:18 +0000] "GET /?362 HTTP/1.1" 408 0 "-" "Mozilla/5.0 (Windows NT 10.0; Win64; x64) AppleWebKit/537.36 (KHTML, like Gecko) Chrome/54.0.2840.71 Safari/537.36"
192.168.0.59 - - [30/Mar/2021:13:45:18 +0000] "GET /?57 HTTP/1.1" 408 0 "-" "Mozilla/5.0 (Windows NT 6.1; WOW64) AppleWebKit/537.36 (KHTML, like Gecko) Chrome/53.0.2785.143 Safari/537.36"
192.168.0.59 - - [30/Mar/2021:13:45:18 +0000] "GET /?1010 HTTP/1.1" 408 0 "-" "Mozilla/5.0 (Macintosh; Intel Mac OS X 10_12_1) AppleWebKit/537.36 (KHTML, like Gecko) Chrome/54.0.2840.71 Safari/537.36"
192.168.0.59 - - [30/Mar/2021:13:45:18 +0000] "GET /?1786 HTTP/1.1" 408 0 "-" "Mozilla/5.0 (Windows NT 10.0; Win64; x64) AppleWebKit/537.36 (KHTML, like Gecko) Chrome/54.0.2840.71 Safari/537.36"
192.168.0.59 - - [30/Mar/2021:13:45:18 +0000] "GET /?1757 HTTP/1.1" 408 0 "-" "Mozilla/5.0 (Macintosh; Intel Mac OS X 10_12_0) AppleWebKit/537.36 (KHTML, like Gecko) Chrome/54.0.2840.71 Safari/537.36"
192.168.0.59 - - [30/Mar/2021:13:45:18 +0000] "GET /?456 HTTP/1.1" 408 0 "-" "Mozilla/5.0 (Windows NT 10.0; WOW64) AppleWebKit/537.36 (KHTML, like Gecko) Chrome/53.0.2785.143 Safari/537.36"
192.168.0.59 - - [30/Mar/2021:13:45:18 +0000] "GET /?1753 HTTP/1.1" 408 0 "-" "Mozilla/5.0 (Windows NT 6.1; Win64; x64) AppleWebKit/537.36 (KHTML, like Gecko) Chrome/53.0.2785.143 Safari/537.36"
192.168.0.59 - - [30/Mar/2021:13:45:18 +0000] "GET /?1942 HTTP/1.1" 408 0 "-" "Mozilla/5.0 (Macintosh; Intel Mac OS X 10_12_1) AppleWebKit/602.2.14 (KHTML, like Gecko) Version/10.0.1 Safari/602.2.14"
192.168.0.59 - - [30/Mar/2021:13:45:18 +0000] "GET /?1756 HTTP/1.1" 408 0 "-" "Mozilla/5.0 (Macintosh; Intel Mac OS X 10_12_0) AppleWebKit/537.36 (KHTML, like Gecko) Chrome/53.0.2785.143 Safari/537.36"
192.168.0.59 - - [30/Mar/2021:13:45:18 +0000] "GET /?1755 HTTP/1.1" 408 0 "-" "Mozilla/5.0 (Macintosh; Intel Mac OS X 10_11_6) AppleWebKit/537.36 (KHTML, like Gecko) Chrome/54.0.2840.71 Safari/537.36"
192.168.0.59 - - [30/Mar/2021:13:45:18 +0000] "GET /?712 HTTP/1.1" 408 0 "-" "Mozilla/5.0 (Macintosh; Intel Mac OS X 10_12) AppleWebKit/602.1.50 (KHTML, like Gecko) Version/10.0 Safari/602.1.50"
192.168.0.59 - - [30/Mar/2021:13:45:18 +0000] "GET /?1921 HTTP/1.1" 408 0 "-" "Mozilla/5.0 (Macintosh; Intel Mac OS X 10_12_1) AppleWebKit/602.2.14 (KHTML, like Gecko) Version/10.0.1 Safari/602.2.14"
192.168.0.59 - - [30/Mar/2021:13:45:18 +0000] "GET /?1427 HTTP/1.1" 408 0 "-" "Mozilla/5.0 (Macintosh; Intel Mac OS X 10_11_6) AppleWebKit/537.36 (KHTML, like Gecko) Chrome/53.0.2785.143 Safari/537.36"
192.168.0.59 - - [30/Mar/2021:13:45:18 +0000] "GET /?278 HTTP/1.1" 408 0 "-" "Mozilla/5.0 (Macintosh; Intel Mac OS X 10_11_6) AppleWebKit/602.1.50 (KHTML, like Gecko) Version/10.0 Safari/602.1.50"
192.168.0.59 - - [30/Mar/2021:13:45:18 +0000] "GET /?1167 HTTP/1.1" 408 0 "-" "Mozilla/5.0 (Macintosh; Intel Mac OS X 10_12_0) AppleWebKit/537.36 (KHTML, like Gecko) Chrome/53.0.2785.143 Safari/537.36"
192.168.0.59 - - [30/Mar/2021:13:45:18 +0000] "GET /?1551 HTTP/1.1" 408 0 "-" "Mozilla/5.0 (Macintosh; Intel Mac OS X 10_12) AppleWebKit/602.1.50 (KHTML, like Gecko) Version/10.0 Safari/602.1.50"
192.168.0.59 - - [30/Mar/2021:13:45:18 +0000] "GET /?1276 HTTP/1.1" 408 0 "-" "Mozilla/5.0 (Macintosh; Intel Mac OS X 10_12_1) AppleWebKit/602.2.14 (KHTML, like Gecko) Version/10.0.1 Safari/602.2.14"
192.168.0.59 - - [30/Mar/2021:13:45:18 +0000] "GET /?1458 HTTP/1.1" 408 0 "-" "Mozilla/5.0 (Macintosh; Intel Mac OS X 10_12_1) AppleWebKit/602.2.14 (KHTML, like Gecko) Version/10.0.1 Safari/602.2.14"
192.168.0.59 - - [30/Mar/2021:13:45:18 +0000] "GET /?1474 HTTP/1.1" 408 0 "-" "Mozilla/5.0 (Windows NT 10.0; Win64; x64) AppleWebKit/537.36 (KHTML, like Gecko) Chrome/51.0.2704.79 Safari/537.36 Edge/14.14393Mozilla/5.0 (Windows NT 10.0; Win64; x64) AppleWebKit/537.36 (KHTML, like Gecko) Chrome/53.0.2785.143 Safari/537.36"
192.168.0.59 - - [30/Mar/2021:13:45:18 +0000] "GET /?1154 HTTP/1.1" 408 0 "-" "Mozilla/5.0 (Windows NT 10.0; Win64; x64) AppleWebKit/537.36 (KHTML, like Gecko) Chrome/51.0.2704.79 Safari/537.36 Edge/14.14393Mozilla/5.0 (Windows NT 10.0; Win64; x64) AppleWebKit/537.36 (KHTML, like Gecko) Chrome/53.0.2785.143 Safari/537.36"
192.168.0.59 - - [30/Mar/2021:13:45:18 +0000] "GET /?560 HTTP/1.1" 408 0 "-" "Mozilla/5.0 (Windows NT 10.0; Win64; x64) AppleWebKit/537.36 (KHTML, like Gecko) Chrome/51.0.2704.79 Safari/537.36 Edge/14.14393Mozilla/5.0 (Windows NT 10.0; Win64; x64) AppleWebKit/537.36 (KHTML, like Gecko) Chrome/53.0.2785.143 Safari/537.36"
::1 - - [30/Mar/2021:13:45:41 +0000] "OPTIONS * HTTP/1.0" 200 126 "-" "Apache/2.4.41 (Ubuntu) (internal dummy connection)"
::1 - - [30/Mar/2021:13:45:42 +0000] "OPTIONS * HTTP/1.0" 200 126 "-" "Apache/2.4.41 (Ubuntu) (internal dummy connection)"
::1 - - [30/Mar/2021:13:45:43 +0000] "OPTIONS * HTTP/1.0" 200 126 "-" "Apache/2.4.41 (Ubuntu) (internal dummy connection)"
::1 - - [30/Mar/2021:13:45:44 +0000] "OPTIONS * HTTP/1.0" 200 126 "-" "Apache/2.4.41 (Ubuntu) (internal dummy connection)"
192.168.0.234 - - [30/Mar/2021:13:45:44 +0000] "GET /blog/ HTTP/1.1" 200 4024 "-" "Mozilla/5.0 (X11; Ubuntu; Linux x86_64; rv:87.0) Gecko/20100101 Firefox/87.0"
192.168.0.234 - - [30/Mar/2021:13:45:44 +0000] "GET /blog/wp-includes/js/wp-embed.min.js?ver=5.3.2 HTTP/1.1" 200 1090 "http://192.168.0.180/blog/" "Mozilla/5.0 (X11; Ubuntu; Linux x86_64; rv:87.0) Gecko/20100101 Firefox/87.0"
192.168.0.234 - - [30/Mar/2021:13:45:44 +0000] "GET /blog/wp-includes/js/wp-emoji-release.min.js?ver=5.3.2 HTTP/1.1" 200 4977 "http://192.168.0.180/blog/" "Mozilla/5.0 (X11; Ubuntu; Linux x86_64; rv:87.0) Gecko/20100101 Firefox/87.0"
::1 - - [30/Mar/2021:13:45:45 +0000] "OPTIONS * HTTP/1.0" 200 126 "-" "Apache/2.4.41 (Ubuntu) (internal dummy connection)"
::1 - - [30/Mar/2021:13:45:46 +0000] "OPTIONS * HTTP/1.0" 200 126 "-" "Apache/2.4.41 (Ubuntu) (internal dummy connection)"
192.168.0.234 - - [30/Mar/2021:13:45:46 +0000] "GET /blog/ HTTP/1.1" 200 4024 "-" "Mozilla/5.0 (X11; Ubuntu; Linux x86_64; rv:87.0) Gecko/20100101 Firefox/87.0"
192.168.0.234 - - [30/Mar/2021:13:45:47 +0000] "GET /blog/wp-includes/js/wp-emoji-release.min.js?ver=5.3.2 HTTP/1.1" 200 4977 "http://192.168.0.180/blog/" "Mozilla/5.0 (X11; Ubuntu; Linux x86_64; rv:87.0) Gecko/20100101 Firefox/87.0"
192.168.0.234 - - [30/Mar/2021:13:45:47 +0000] "GET /blog/wp-includes/js/wp-embed.min.js?ver=5.3.2 HTTP/1.1" 200 1090 "http://192.168.0.180/blog/" "Mozilla/5.0 (X11; Ubuntu; Linux x86_64; rv:87.0) Gecko/20100101 Firefox/87.0"
192.168.0.234 - - [30/Mar/2021:13:45:47 +0000] "GET /blog/wp-includes/css/dist/block-library/theme.min.css?ver=5.3.2 HTTP/1.1" 200 975 "http://192.168.0.180/blog/" "Mozilla/5.0 (X11; Ubuntu; Linux x86_64; rv:87.0) Gecko/20100101 Firefox/87.0"
192.168.0.234 - - [30/Mar/2021:13:45:47 +0000] "GET /blog/wp-includes/css/dist/block-library/style.min.css?ver=5.3.2 HTTP/1.1" 200 6500 "http://192.168.0.180/blog/" "Mozilla/5.0 (X11; Ubuntu; Linux x86_64; rv:87.0) Gecko/20100101 Firefox/87.0"
192.168.0.234 - - [30/Mar/2021:13:45:47 +0000] "GET /blog/wp-content/themes/twentynineteen/style.css?ver=1.4 HTTP/1.1" 200 30819 "http://192.168.0.180/blog/" "Mozilla/5.0 (X11; Ubuntu; Linux x86_64; rv:87.0) Gecko/20100101 Firefox/87.0"
192.168.0.234 - - [30/Mar/2021:13:45:47 +0000] "GET /blog/wp-content/themes/twentynineteen/print.css?ver=1.4 HTTP/1.1" 200 1545 "http://192.168.0.180/blog/" "Mozilla/5.0 (X11; Ubuntu; Linux x86_64; rv:87.0) Gecko/20100101 Firefox/87.0"
192.168.0.234 - - [30/Mar/2021:13:45:47 +0000] "GET /favicon.ico HTTP/1.1" 404 491 "http://192.168.0.180/blog/" "Mozilla/5.0 (X11; Ubuntu; Linux x86_64; rv:87.0) Gecko/20100101 Firefox/87.0"
192.168.0.234 - - [30/Mar/2021:13:45:47 +0000] "GET /blog/ HTTP/1.1" 200 4024 "-" "Mozilla/5.0 (X11; Ubuntu; Linux x86_64; rv:87.0) Gecko/20100101 Firefox/87.0"
192.168.0.234 - - [30/Mar/2021:13:45:47 +0000] "GET /blog/wp-includes/css/dist/block-library/style.min.css?ver=5.3.2 HTTP/1.1" 200 6500 "http://192.168.0.180/blog/" "Mozilla/5.0 (X11; Ubuntu; Linux x86_64; rv:87.0) Gecko/20100101 Firefox/87.0"
192.168.0.234 - - [30/Mar/2021:13:45:47 +0000] "GET /blog/wp-includes/js/wp-embed.min.js?ver=5.3.2 HTTP/1.1" 200 1090 "http://192.168.0.180/blog/" "Mozilla/5.0 (X11; Ubuntu; Linux x86_64; rv:87.0) Gecko/20100101 Firefox/87.0"
192.168.0.234 - - [30/Mar/2021:13:45:47 +0000] "GET /blog/wp-includes/js/wp-emoji-release.min.js?ver=5.3.2 HTTP/1.1" 200 4978 "http://192.168.0.180/blog/" "Mozilla/5.0 (X11; Ubuntu; Linux x86_64; rv:87.0) Gecko/20100101 Firefox/87.0"
192.168.0.234 - - [30/Mar/2021:13:45:47 +0000] "GET /blog/wp-includes/css/dist/block-library/theme.min.css?ver=5.3.2 HTTP/1.1" 200 974 "http://192.168.0.180/blog/" "Mozilla/5.0 (X11; Ubuntu; Linux x86_64; rv:87.0) Gecko/20100101 Firefox/87.0"
192.168.0.234 - - [30/Mar/2021:13:45:47 +0000] "GET /blog/wp-content/themes/twentynineteen/style.css?ver=1.4 HTTP/1.1" 200 30819 "http://192.168.0.180/blog/" "Mozilla/5.0 (X11; Ubuntu; Linux x86_64; rv:87.0) Gecko/20100101 Firefox/87.0"
192.168.0.234 - - [30/Mar/2021:13:45:47 +0000] "GET /blog/wp-content/themes/twentynineteen/print.css?ver=1.4 HTTP/1.1" 200 1545 "http://192.168.0.180/blog/" "Mozilla/5.0 (X11; Ubuntu; Linux x86_64; rv:87.0) Gecko/20100101 Firefox/87.0"
192.168.0.234 - - [30/Mar/2021:13:45:47 +0000] "GET /favicon.ico HTTP/1.1" 404 491 "http://192.168.0.180/blog/" "Mozilla/5.0 (X11; Ubuntu; Linux x86_64; rv:87.0) Gecko/20100101 Firefox/87.0"
::1 - - [30/Mar/2021:13:45:47 +0000] "OPTIONS * HTTP/1.0" 200 126 "-" "Apache/2.4.41 (Ubuntu) (internal dummy connection)"
192.168.0.234 - - [30/Mar/2021:13:45:48 +0000] "GET /blog/wp-includes/css/dist/block-library/style.min.css?ver=5.3.2 HTTP/1.1" 200 6501 "-" "Mozilla/5.0 (X11; Ubuntu; Linux x86_64; rv:87.0) Gecko/20100101 Firefox/87.0"
::1 - - [30/Mar/2021:13:45:48 +0000] "OPTIONS * HTTP/1.0" 200 126 "-" "Apache/2.4.41 (Ubuntu) (internal dummy connection)"
::1 - - [30/Mar/2021:13:45:49 +0000] "OPTIONS * HTTP/1.0" 200 126 "-" "Apache/2.4.41 (Ubuntu) (internal dummy connection)"
::1 - - [30/Mar/2021:13:45:50 +0000] "OPTIONS * HTTP/1.0" 200 126 "-" "Apache/2.4.41 (Ubuntu) (internal dummy connection)"
192.168.0.234 - - [30/Mar/2021:13:45:50 +0000] "GET /blog/?author=1 HTTP/1.1" 200 4106 "http://192.168.0.180/blog/" "Mozilla/5.0 (X11; Ubuntu; Linux x86_64; rv:87.0) Gecko/20100101 Firefox/87.0"
::1 - - [30/Mar/2021:13:45:51 +0000] "OPTIONS * HTTP/1.0" 200 126 "-" "Apache/2.4.41 (Ubuntu) (internal dummy connection)"
::1 - - [30/Mar/2021:13:45:52 +0000] "OPTIONS * HTTP/1.0" 200 126 "-" "Apache/2.4.41 (Ubuntu) (internal dummy connection)"
::1 - - [30/Mar/2021:13:45:53 +0000] "OPTIONS * HTTP/1.0" 200 126 "-" "Apache/2.4.41 (Ubuntu) (internal dummy connection)"
192.168.0.59 - - [30/Mar/2021:13:45:33 +0000] "GET /?1923 HTTP/1.1" 408 0 "-" "Mozilla/5.0 (Windows NT 10.0; WOW64; rv:49.0) Gecko/20100101 Firefox/49.0"
192.168.0.59 - - [30/Mar/2021:13:45:33 +0000] "GET /?589 HTTP/1.1" 408 0 "-" "Mozilla/5.0 (Windows NT 10.0; WOW64; rv:49.0) Gecko/20100101 Firefox/49.0"
192.168.0.59 - - [30/Mar/2021:13:45:33 +0000] "GET /?581 HTTP/1.1" 408 0 "-" "Mozilla/5.0 (Macintosh; Intel Mac OS X 10.11; rv:49.0) Gecko/20100101 Firefox/49.0"
192.168.0.59 - - [30/Mar/2021:13:45:33 +0000] "GET /?1888 HTTP/1.1" 408 0 "-" "Mozilla/5.0 (X11; Linux x86_64) AppleWebKit/537.36 (KHTML, like Gecko) Chrome/53.0.2785.143 Safari/537.36"
192.168.0.59 - - [30/Mar/2021:13:45:33 +0000] "GET /?1014 HTTP/1.1" 408 0 "-" "Mozilla/5.0 (Windows NT 10.0; WOW64) AppleWebKit/537.36 (KHTML, like Gecko) Chrome/54.0.2840.71 Safari/537.36"
192.168.0.59 - - [30/Mar/2021:13:45:33 +0000] "GET /?976 HTTP/1.1" 408 0 "-" "Mozilla/5.0 (Windows NT 10.0; WOW64) AppleWebKit/537.36 (KHTML, like Gecko) Chrome/53.0.2785.143 Safari/537.36"
192.168.0.59 - - [30/Mar/2021:13:45:33 +0000] "GET /?1481 HTTP/1.1" 408 0 "-" "Mozilla/5.0 (Windows NT 6.1; WOW64) AppleWebKit/537.36 (KHTML, like Gecko) Chrome/53.0.2785.143 Safari/537.36"
192.168.0.59 - - [30/Mar/2021:13:45:33 +0000] "GET /?1689 HTTP/1.1" 408 0 "-" "Mozilla/5.0 (Windows NT 10.0; Win64; x64) AppleWebKit/537.36 (KHTML, like Gecko) Chrome/54.0.2840.71 Safari/537.36"
192.168.0.59 - - [30/Mar/2021:13:45:33 +0000] "GET /?593 HTTP/1.1" 408 0 "-" "Mozilla/5.0 (Windows NT 10.0; Win64; x64) AppleWebKit/537.36 (KHTML, like Gecko) Chrome/54.0.2840.71 Safari/537.36"
192.168.0.59 - - [30/Mar/2021:13:45:33 +0000] "GET /?1662 HTTP/1.1" 408 0 "-" "Mozilla/5.0 (Windows NT 6.1; WOW64) AppleWebKit/537.36 (KHTML, like Gecko) Chrome/53.0.2785.143 Safari/537.36"
192.168.0.59 - - [30/Mar/2021:13:45:33 +0000] "GET /?1333 HTTP/1.1" 408 0 "-" "Mozilla/5.0 (Macintosh; Intel Mac OS X 10_11_6) AppleWebKit/537.36 (KHTML, like Gecko) Chrome/54.0.2840.71 Safari/537.36"
192.168.0.59 - - [30/Mar/2021:13:45:33 +0000] "GET /?593 HTTP/1.1" 408 0 "-" "Mozilla/5.0 (Macintosh; Intel Mac OS X 10_12_0) AppleWebKit/537.36 (KHTML, like Gecko) Chrome/53.0.2785.143 Safari/537.36"
192.168.0.59 - - [30/Mar/2021:13:45:33 +0000] "GET /?1306 HTTP/1.1" 408 0 "-" "Mozilla/5.0 (Macintosh; Intel Mac OS X 10_11_6) AppleWebKit/537.36 (KHTML, like Gecko) Chrome/53.0.2785.143 Safari/537.36"
::1 - - [30/Mar/2021:13:45:54 +0000] "OPTIONS * HTTP/1.0" 200 126 "-" "Apache/2.4.41 (Ubuntu) (internal dummy connection)"
192.168.0.234 - - [30/Mar/2021:13:45:55 +0000] "GET /blog/?p=5 HTTP/1.1" 200 4929 "http://192.168.0.180/blog/?author=1" "Mozilla/5.0 (X11; Ubuntu; Linux x86_64; rv:87.0) Gecko/20100101 Firefox/87.0"
192.168.0.59 - - [30/Mar/2021:13:45:34 +0000] "GET /?850 HTTP/1.1" 408 0 "-" "Mozilla/5.0 (Macintosh; Intel Mac OS X 10_11_6) AppleWebKit/537.36 (KHTML, like Gecko) Chrome/54.0.2840.71 Safari/537.36"
192.168.0.234 - - [30/Mar/2021:13:45:55 +0000] "GET /blog/wp-includes/js/comment-reply.min.js?ver=5.3.2 HTTP/1.1" 200 1481 "http://192.168.0.180/blog/?p=5" "Mozilla/5.0 (X11; Ubuntu; Linux x86_64; rv:87.0) Gecko/20100101 Firefox/87.0"
::1 - - [30/Mar/2021:13:45:55 +0000] "OPTIONS * HTTP/1.0" 200 126 "-" "Apache/2.4.41 (Ubuntu) (internal dummy connection)"
192.168.0.59 - - [30/Mar/2021:13:45:35 +0000] "GET /?1127 HTTP/1.1" 408 0 "-" "Mozilla/5.0 (Windows NT 10.0; WOW64) AppleWebKit/537.36 (KHTML, like Gecko) Chrome/53.0.2785.143 Safari/537.36"
192.168.0.59 - - [30/Mar/2021:13:45:35 +0000] "GET /?1749 HTTP/1.1" 408 0 "-" "Mozilla/5.0 (Windows NT 6.1; WOW64) AppleWebKit/537.36 (KHTML, like Gecko) Chrome/54.0.2840.71 Safari/537.36"
::1 - - [30/Mar/2021:13:45:56 +0000] "OPTIONS * HTTP/1.0" 200 126 "-" "Apache/2.4.41 (Ubuntu) (internal dummy connection)"
192.168.0.59 - - [30/Mar/2021:13:45:36 +0000] "GET /?1444 HTTP/1.1" 408 0 "-" "Mozilla/5.0 (X11; Ubuntu; Linux x86_64; rv:49.0) Gecko/20100101 Firefox/49.0"
192.168.0.59 - - [30/Mar/2021:13:45:36 +0000] "GET /?1114 HTTP/1.1" 408 0 "-" "Mozilla/5.0 (Windows NT 10.0; WOW64) AppleWebKit/537.36 (KHTML, like Gecko) Chrome/54.0.2840.71 Safari/537.36"
192.168.0.59 - - [30/Mar/2021:13:45:36 +0000] "GET /?542 HTTP/1.1" 408 0 "-" "Mozilla/5.0 (Macintosh; Intel Mac OS X 10_12_0) AppleWebKit/537.36 (KHTML, like Gecko) Chrome/53.0.2785.143 Safari/537.36"
192.168.0.59 - - [30/Mar/2021:13:45:36 +0000] "GET /?1703 HTTP/1.1" 408 0 "-" "Mozilla/5.0 (Macintosh; Intel Mac OS X 10_11_6) AppleWebKit/537.36 (KHTML, like Gecko) Chrome/53.0.2785.143 Safari/537.36"
::1 - - [30/Mar/2021:13:45:57 +0000] "OPTIONS * HTTP/1.0" 200 126 "-" "Apache/2.4.41 (Ubuntu) (internal dummy connection)"
192.168.0.59 - - [30/Mar/2021:13:45:37 +0000] "GET /?1790 HTTP/1.1" 408 0 "-" "Mozilla/5.0 (Windows NT 10.0; WOW64) AppleWebKit/537.36 (KHTML, like Gecko) Chrome/54.0.2840.71 Safari/537.36"
192.168.0.59 - - [30/Mar/2021:13:45:37 +0000] "GET /?33 HTTP/1.1" 408 0 "-" "Mozilla/5.0 (Windows NT 6.1; Win64; x64) AppleWebKit/537.36 (KHTML, like Gecko) Chrome/53.0.2785.143 Safari/537.36"
192.168.0.59 - - [30/Mar/2021:13:45:37 +0000] "GET /?1002 HTTP/1.1" 408 0 "-" "Mozilla/5.0 (Windows NT 10.0; Win64; x64) AppleWebKit/537.36 (KHTML, like Gecko) Chrome/54.0.2840.71 Safari/537.36"
192.168.0.59 - - [30/Mar/2021:13:45:37 +0000] "GET /?1302 HTTP/1.1" 408 0 "-" "Mozilla/5.0 (Windows NT 10.0; WOW64) AppleWebKit/537.36 (KHTML, like Gecko) Chrome/53.0.2785.143 Safari/537.36"
192.168.0.59 - - [30/Mar/2021:13:45:37 +0000] "GET /?307 HTTP/1.1" 408 0 "-" "Mozilla/5.0 (Macintosh; Intel Mac OS X 10_12_1) AppleWebKit/602.2.14 (KHTML, like Gecko) Version/10.0.1 Safari/602.2.14"
192.168.0.59 - - [30/Mar/2021:13:45:37 +0000] "GET /?629 HTTP/1.1" 408 0 "-" "Mozilla/5.0 (Macintosh; Intel Mac OS X 10_12_0) AppleWebKit/537.36 (KHTML, like Gecko) Chrome/54.0.2840.71 Safari/537.36"
192.168.0.59 - - [30/Mar/2021:13:45:37 +0000] "GET /?1379 HTTP/1.1" 408 0 "-" "Mozilla/5.0 (Macintosh; Intel Mac OS X 10_12_1) AppleWebKit/537.36 (KHTML, like Gecko) Chrome/54.0.2840.71 Safari/537.36"
192.168.0.59 - - [30/Mar/2021:13:45:37 +0000] "GET /?750 HTTP/1.1" 408 0 "-" "Mozilla/5.0 (Macintosh; Intel Mac OS X 10_12_1) AppleWebKit/602.2.14 (KHTML, like Gecko) Version/10.0.1 Safari/602.2.14"
::1 - - [30/Mar/2021:13:45:58 +0000] "OPTIONS * HTTP/1.0" 200 126 "-" "Apache/2.4.41 (Ubuntu) (internal dummy connection)"
192.168.0.59 - - [30/Mar/2021:13:45:38 +0000] "GET /?448 HTTP/1.1" 408 0 "-" "Mozilla/5.0 (Windows NT 6.3; rv:36.0) Gecko/20100101 Firefox/36.0"
192.168.0.59 - - [30/Mar/2021:13:45:38 +0000] "GET /?1517 HTTP/1.1" 408 0 "-" "Mozilla/5.0 (Windows NT 6.1; WOW64; rv:49.0) Gecko/20100101 Firefox/49.0"
192.168.0.59 - - [30/Mar/2021:13:45:38 +0000] "GET /?708 HTTP/1.1" 408 0 "-" "Mozilla/5.0 (Windows NT 10.0; WOW64; rv:49.0) Gecko/20100101 Firefox/49.0"
192.168.0.59 - - [30/Mar/2021:13:45:38 +0000] "GET /?711 HTTP/1.1" 408 0 "-" "Mozilla/5.0 (Windows NT 6.1; WOW64) AppleWebKit/537.36 (KHTML, like Gecko) Chrome/53.0.2785.143 Safari/537.36"
192.168.0.59 - - [30/Mar/2021:13:45:38 +0000] "GET /?803 HTTP/1.1" 408 0 "-" "Mozilla/5.0 (Windows NT 6.1; Win64; x64) AppleWebKit/537.36 (KHTML, like Gecko) Chrome/54.0.2840.71 Safari/537.36"
192.168.0.59 - - [30/Mar/2021:13:45:38 +0000] "GET /?1820 HTTP/1.1" 408 0 "-" "Mozilla/5.0 (X11; Linux x86_64) AppleWebKit/537.36 (KHTML, like Gecko) Chrome/53.0.2785.143 Safari/537.36"
192.168.0.59 - - [30/Mar/2021:13:45:38 +0000] "GET /?1727 HTTP/1.1" 408 0 "-" "Mozilla/5.0 (Windows NT 6.1; WOW64) AppleWebKit/537.36 (KHTML, like Gecko) Chrome/54.0.2840.71 Safari/537.36"
192.168.0.59 - - [30/Mar/2021:13:45:38 +0000] "GET /?25 HTTP/1.1" 408 0 "-" "Mozilla/5.0 (Macintosh; Intel Mac OS X 10_12_1) AppleWebKit/602.2.14 (KHTML, like Gecko) Version/10.0.1 Safari/602.2.14"
192.168.0.59 - - [30/Mar/2021:13:45:38 +0000] "GET /?1203 HTTP/1.1" 408 0 "-" "Mozilla/5.0 (Windows NT 6.1; WOW64) AppleWebKit/537.36 (KHTML, like Gecko) Chrome/53.0.2785.143 Safari/537.36"
192.168.0.59 - - [30/Mar/2021:13:45:38 +0000] "GET /?1093 HTTP/1.1" 408 0 "-" "Mozilla/5.0 (Macintosh; Intel Mac OS X 10_12) AppleWebKit/602.1.50 (KHTML, like Gecko) Version/10.0 Safari/602.1.50"
192.168.0.59 - - [30/Mar/2021:13:45:38 +0000] "GET /?693 HTTP/1.1" 408 0 "-" "Mozilla/5.0 (Macintosh; Intel Mac OS X 10_12_1) AppleWebKit/537.36 (KHTML, like Gecko) Chrome/54.0.2840.71 Safari/537.36"
192.168.0.59 - - [30/Mar/2021:13:45:38 +0000] "GET /?622 HTTP/1.1" 408 0 "-" "Mozilla/5.0 (Windows NT 10.0; Win64; x64) AppleWebKit/537.36 (KHTML, like Gecko) Chrome/54.0.2840.71 Safari/537.36"
192.168.0.59 - - [30/Mar/2021:13:45:38 +0000] "GET /?1669 HTTP/1.1" 408 0 "-" "Mozilla/5.0 (Macintosh; Intel Mac OS X 10_12_1) AppleWebKit/602.2.14 (KHTML, like Gecko) Version/10.0.1 Safari/602.2.14"
192.168.0.59 - - [30/Mar/2021:13:45:38 +0000] "GET /?224 HTTP/1.1" 408 0 "-" "Mozilla/5.0 (Macintosh; Intel Mac OS X 10_12_0) AppleWebKit/537.36 (KHTML, like Gecko) Chrome/53.0.2785.143 Safari/537.36"
192.168.0.59 - - [30/Mar/2021:13:45:38 +0000] "GET /?1542 HTTP/1.1" 408 0 "-" "Mozilla/5.0 (Macintosh; Intel Mac OS X 10_12_0) AppleWebKit/537.36 (KHTML, like Gecko) Chrome/54.0.2840.71 Safari/537.36"
192.168.0.59 - - [30/Mar/2021:13:45:38 +0000] "GET /?1744 HTTP/1.1" 408 0 "-" "Mozilla/5.0 (Macintosh; Intel Mac OS X 10_12_0) AppleWebKit/537.36 (KHTML, like Gecko) Chrome/54.0.2840.71 Safari/537.36"
192.168.0.234 - - [30/Mar/2021:13:45:59 +0000] "GET /blog/?p=1 HTTP/1.1" 200 5535 "http://192.168.0.180/blog/?p=5" "Mozilla/5.0 (X11; Ubuntu; Linux x86_64; rv:87.0) Gecko/20100101 Firefox/87.0"
::1 - - [30/Mar/2021:13:45:59 +0000] "OPTIONS * HTTP/1.0" 200 126 "-" "Apache/2.4.41 (Ubuntu) (internal dummy connection)"
192.168.0.59 - - [30/Mar/2021:13:45:39 +0000] "GET /?1970 HTTP/1.1" 408 0 "-" "Mozilla/5.0 (Windows NT 6.1; WOW64; rv:49.0) Gecko/20100101 Firefox/49.0"
192.168.0.59 - - [30/Mar/2021:13:45:39 +0000] "GET /?1700 HTTP/1.1" 408 0 "-" "Mozilla/5.0 (Windows NT 6.3; WOW64) AppleWebKit/537.36 (KHTML, like Gecko) Chrome/53.0.2785.143 Safari/537.36"
192.168.0.59 - - [30/Mar/2021:13:45:39 +0000] "GET /?1554 HTTP/1.1" 408 0 "-" "Mozilla/5.0 (Macintosh; Intel Mac OS X 10_11_6) AppleWebKit/602.1.50 (KHTML, like Gecko) Version/10.0 Safari/602.1.50"
192.168.0.59 - - [30/Mar/2021:13:45:39 +0000] "GET /?193 HTTP/1.1" 408 0 "-" "Mozilla/5.0 (Macintosh; Intel Mac OS X 10_11_6) AppleWebKit/537.36 (KHTML, like Gecko) Chrome/53.0.2785.143 Safari/537.36"
::1 - - [30/Mar/2021:13:46:00 +0000] "OPTIONS * HTTP/1.0" 200 126 "-" "Apache/2.4.41 (Ubuntu) (internal dummy connection)"
192.168.0.234 - - [30/Mar/2021:13:46:01 +0000] "GET /blog/ HTTP/1.1" 200 4023 "http://192.168.0.180/blog/?p=1" "Mozilla/5.0 (X11; Ubuntu; Linux x86_64; rv:87.0) Gecko/20100101 Firefox/87.0"
::1 - - [30/Mar/2021:13:46:01 +0000] "OPTIONS * HTTP/1.0" 200 126 "-" "Apache/2.4.41 (Ubuntu) (internal dummy connection)"
::1 - - [30/Mar/2021:13:46:02 +0000] "OPTIONS * HTTP/1.0" 200 126 "-" "Apache/2.4.41 (Ubuntu) (internal dummy connection)"
::1 - - [30/Mar/2021:13:46:03 +0000] "OPTIONS * HTTP/1.0" 200 126 "-" "Apache/2.4.41 (Ubuntu) (internal dummy connection)"
::1 - - [30/Mar/2021:13:46:04 +0000] "OPTIONS * HTTP/1.0" 200 126 "-" "Apache/2.4.41 (Ubuntu) (internal dummy connection)"
::1 - - [30/Mar/2021:13:46:05 +0000] "OPTIONS * HTTP/1.0" 200 126 "-" "Apache/2.4.41 (Ubuntu) (internal dummy connection)"
::1 - - [30/Mar/2021:13:46:06 +0000] "OPTIONS * HTTP/1.0" 200 126 "-" "Apache/2.4.41 (Ubuntu) (internal dummy connection)"
::1 - - [30/Mar/2021:13:46:07 +0000] "OPTIONS * HTTP/1.0" 200 126 "-" "Apache/2.4.41 (Ubuntu) (internal dummy connection)"
::1 - - [30/Mar/2021:13:46:08 +0000] "OPTIONS * HTTP/1.0" 200 126 "-" "Apache/2.4.41 (Ubuntu) (internal dummy connection)"
::1 - - [30/Mar/2021:13:46:09 +0000] "OPTIONS * HTTP/1.0" 200 126 "-" "Apache/2.4.41 (Ubuntu) (internal dummy connection)"
::1 - - [30/Mar/2021:13:46:10 +0000] "OPTIONS * HTTP/1.0" 200 126 "-" "Apache/2.4.41 (Ubuntu) (internal dummy connection)"
::1 - - [30/Mar/2021:13:46:11 +0000] "OPTIONS * HTTP/1.0" 200 126 "-" "Apache/2.4.41 (Ubuntu) (internal dummy connection)"
::1 - - [30/Mar/2021:13:46:12 +0000] "OPTIONS * HTTP/1.0" 200 126 "-" "Apache/2.4.41 (Ubuntu) (internal dummy connection)"
::1 - - [30/Mar/2021:13:46:13 +0000] "OPTIONS * HTTP/1.0" 200 126 "-" "Apache/2.4.41 (Ubuntu) (internal dummy connection)"
::1 - - [30/Mar/2021:13:46:14 +0000] "OPTIONS * HTTP/1.0" 200 126 "-" "Apache/2.4.41 (Ubuntu) (internal dummy connection)"
::1 - - [30/Mar/2021:13:46:15 +0000] "OPTIONS * HTTP/1.0" 200 126 "-" "Apache/2.4.41 (Ubuntu) (internal dummy connection)"
::1 - - [30/Mar/2021:13:46:16 +0000] "OPTIONS * HTTP/1.0" 200 126 "-" "Apache/2.4.41 (Ubuntu) (internal dummy connection)"
::1 - - [30/Mar/2021:13:46:17 +0000] "OPTIONS * HTTP/1.0" 200 126 "-" "Apache/2.4.41 (Ubuntu) (internal dummy connection)"
::1 - - [30/Mar/2021:13:46:18 +0000] "OPTIONS * HTTP/1.0" 200 126 "-" "Apache/2.4.41 (Ubuntu) (internal dummy connection)"
192.168.0.59 - - [30/Mar/2021:13:46:04 +0000] "GET /?330 HTTP/1.1" 408 0 "-" "Mozilla/5.0 (Windows NT 6.1; WOW64; Trident/7.0; rv:11.0) like Gecko"
192.168.0.59 - - [30/Mar/2021:13:46:04 +0000] "GET /?528 HTTP/1.1" 408 0 "-" "Mozilla/5.0 (Windows NT 6.1; WOW64; rv:49.0) Gecko/20100101 Firefox/49.0"
192.168.0.59 - - [30/Mar/2021:13:46:04 +0000] "GET /?1237 HTTP/1.1" 408 0 "-" "Mozilla/5.0 (Windows NT 6.3; rv:36.0) Gecko/20100101 Firefox/36.0"
192.168.0.59 - - [30/Mar/2021:13:46:04 +0000] "GET /?675 HTTP/1.1" 408 0 "-" "Mozilla/5.0 (Windows NT 6.1; WOW64; Trident/7.0; rv:11.0) like Gecko"
192.168.0.59 - - [30/Mar/2021:13:46:04 +0000] "GET /?1378 HTTP/1.1" 408 0 "-" "Mozilla/5.0 (Windows NT 10.0; WOW64; rv:49.0) Gecko/20100101 Firefox/49.0"
192.168.0.59 - - [30/Mar/2021:13:46:04 +0000] "GET /?210 HTTP/1.1" 408 0 "-" "Mozilla/5.0 (Windows NT 6.3; rv:36.0) Gecko/20100101 Firefox/36.0"
192.168.0.59 - - [30/Mar/2021:13:46:04 +0000] "GET /?1400 HTTP/1.1" 408 0 "-" "Mozilla/5.0 (Windows NT 6.3; rv:36.0) Gecko/20100101 Firefox/36.0"
192.168.0.59 - - [30/Mar/2021:13:46:04 +0000] "GET /?1342 HTTP/1.1" 408 0 "-" "Mozilla/5.0 (Windows NT 10.0; WOW64; rv:49.0) Gecko/20100101 Firefox/49.0"
192.168.0.59 - - [30/Mar/2021:13:46:04 +0000] "GET /?790 HTTP/1.1" 408 0 "-" "Mozilla/5.0 (Windows NT 6.3; rv:36.0) Gecko/20100101 Firefox/36.0"
192.168.0.59 - - [30/Mar/2021:13:46:04 +0000] "GET /?163 HTTP/1.1" 408 0 "-" "Mozilla/5.0 (Windows NT 10.0; WOW64; rv:49.0) Gecko/20100101 Firefox/49.0"
192.168.0.59 - - [30/Mar/2021:13:46:04 +0000] "GET /?773 HTTP/1.1" 408 0 "-" "Mozilla/5.0 (Windows NT 6.1; WOW64; rv:49.0) Gecko/20100101 Firefox/49.0"
192.168.0.59 - - [30/Mar/2021:13:46:04 +0000] "GET /?1318 HTTP/1.1" 408 0 "-" "Mozilla/5.0 (Windows NT 10.0; WOW64; rv:49.0) Gecko/20100101 Firefox/49.0"
192.168.0.59 - - [30/Mar/2021:13:46:04 +0000] "GET /?1610 HTTP/1.1" 408 0 "-" "Mozilla/5.0 (Windows NT 6.1; WOW64; rv:49.0) Gecko/20100101 Firefox/49.0"
192.168.0.59 - - [30/Mar/2021:13:46:04 +0000] "GET /?1270 HTTP/1.1" 408 0 "-" "Mozilla/5.0 (X11; Ubuntu; Linux x86_64; rv:49.0) Gecko/20100101 Firefox/49.0"
192.168.0.59 - - [30/Mar/2021:13:46:04 +0000] "GET /?1497 HTTP/1.1" 408 0 "-" "Mozilla/5.0 (Windows NT 6.1; WOW64; rv:49.0) Gecko/20100101 Firefox/49.0"
192.168.0.59 - - [30/Mar/2021:13:46:04 +0000] "GET /?679 HTTP/1.1" 408 0 "-" "Mozilla/5.0 (Windows NT 6.3; rv:36.0) Gecko/20100101 Firefox/36.0"
192.168.0.59 - - [30/Mar/2021:13:46:04 +0000] "GET /?1311 HTTP/1.1" 408 0 "-" "Mozilla/5.0 (Windows NT 10.0; WOW64; rv:49.0) Gecko/20100101 Firefox/49.0"
192.168.0.59 - - [30/Mar/2021:13:46:04 +0000] "GET /?1745 HTTP/1.1" 408 0 "-" "Mozilla/5.0 (Windows NT 6.1; WOW64; Trident/7.0; rv:11.0) like Gecko"
192.168.0.59 - - [30/Mar/2021:13:46:04 +0000] "GET /?935 HTTP/1.1" 408 0 "-" "Mozilla/5.0 (Macintosh; Intel Mac OS X 10.11; rv:49.0) Gecko/20100101 Firefox/49.0"
192.168.0.59 - - [30/Mar/2021:13:46:04 +0000] "GET /?1452 HTTP/1.1" 408 0 "-" "Mozilla/5.0 (Macintosh; Intel Mac OS X 10.11; rv:49.0) Gecko/20100101 Firefox/49.0"
192.168.0.59 - - [30/Mar/2021:13:46:04 +0000] "GET /?1216 HTTP/1.1" 408 0 "-" "Mozilla/5.0 (X11; Ubuntu; Linux x86_64; rv:49.0) Gecko/20100101 Firefox/49.0"
192.168.0.59 - - [30/Mar/2021:13:46:04 +0000] "GET /?757 HTTP/1.1" 408 0 "-" "Mozilla/5.0 (X11; Ubuntu; Linux x86_64; rv:49.0) Gecko/20100101 Firefox/49.0"
192.168.0.59 - - [30/Mar/2021:13:46:04 +0000] "GET /?1311 HTTP/1.1" 408 0 "-" "Mozilla/5.0 (X11; Ubuntu; Linux x86_64; rv:49.0) Gecko/20100101 Firefox/49.0"
192.168.0.59 - - [30/Mar/2021:13:46:04 +0000] "GET /?1299 HTTP/1.1" 408 0 "-" "Mozilla/5.0 (Windows NT 10.0; WOW64; rv:49.0) Gecko/20100101 Firefox/49.0"
192.168.0.59 - - [30/Mar/2021:13:46:04 +0000] "GET /?100 HTTP/1.1" 408 0 "-" "Mozilla/5.0 (Windows NT 10.0; WOW64; rv:49.0) Gecko/20100101 Firefox/49.0"
192.168.0.59 - - [30/Mar/2021:13:46:04 +0000] "GET /?1563 HTTP/1.1" 408 0 "-" "Mozilla/5.0 (Windows NT 6.1; WOW64; rv:49.0) Gecko/20100101 Firefox/49.0"
192.168.0.59 - - [30/Mar/2021:13:46:04 +0000] "GET /?1135 HTTP/1.1" 408 0 "-" "Mozilla/5.0 (X11; Ubuntu; Linux x86_64; rv:49.0) Gecko/20100101 Firefox/49.0"
192.168.0.59 - - [30/Mar/2021:13:46:04 +0000] "GET /?524 HTTP/1.1" 408 0 "-" "Mozilla/5.0 (Macintosh; Intel Mac OS X 10.11; rv:49.0) Gecko/20100101 Firefox/49.0"
192.168.0.59 - - [30/Mar/2021:13:46:04 +0000] "GET /?1100 HTTP/1.1" 408 0 "-" "Mozilla/5.0 (Macintosh; Intel Mac OS X 10.11; rv:49.0) Gecko/20100101 Firefox/49.0"
192.168.0.59 - - [30/Mar/2021:13:46:04 +0000] "GET /?1857 HTTP/1.1" 408 0 "-" "Mozilla/5.0 (Windows NT 10.0; WOW64) AppleWebKit/537.36 (KHTML, like Gecko) Chrome/54.0.2840.71 Safari/537.36"
192.168.0.59 - - [30/Mar/2021:13:46:04 +0000] "GET /?1348 HTTP/1.1" 408 0 "-" "Mozilla/5.0 (X11; Linux x86_64) AppleWebKit/537.36 (KHTML, like Gecko) Chrome/53.0.2785.143 Safari/537.36"
192.168.0.59 - - [30/Mar/2021:13:46:04 +0000] "GET /?212 HTTP/1.1" 408 0 "-" "Mozilla/5.0 (X11; Linux x86_64) AppleWebKit/537.36 (KHTML, like Gecko) Chrome/53.0.2785.143 Safari/537.36"
